// Jest Snapshot v1, https://goo.gl/fbAQLP

exports[`Unit Tests (Jest) Checks that the ZoweUSSNode structure matches the snapshot 1`] = `
ZoweUSSNode {
  "binary": false,
  "binaryFiles": Object {},
  "children": Array [],
  "collapsibleState": 0,
  "contextValue": "textFile",
  "dirty": false,
  "fullPath": "",
  "iconPath": "Ref: 'document.svg'",
  "label": "testFile",
  "mParent": ZoweUSSNode {
    "binary": false,
    "binaryFiles": Object {},
    "children": Array [],
    "collapsibleState": 1,
    "contextValue": "directory",
    "dirty": false,
    "fullPath": "",
    "iconPath": "Ref: 'folder.svg'",
    "label": "testDir",
    "mParent": ZoweUSSNode {
      "binary": false,
      "binaryFiles": Object {},
      "children": Array [],
      "collapsibleState": 1,
      "contextValue": "uss_session",
      "dirty": true,
      "fullPath": "",
      "iconPath": "Ref: 'folder.svg'",
      "label": "root",
      "mParent": null,
      "mProfileName": undefined,
      "parentPath": null,
      "profileName": "",
      "session": Session {
        "ISession": Object {
          "hostname": "fake",
          "password": "fake",
          "protocol": "https",
          "type": "basic",
          "user": "fake",
        },
      },
      "shortLabel": "",
    },
    "mProfileName": undefined,
    "parentPath": null,
    "profileName": "",
    "session": null,
    "shortLabel": "",
  },
  "mProfileName": undefined,
  "parentPath": null,
  "profileName": "",
  "session": null,
  "shortLabel": "",
}
`;
